// Jest Snapshot v1, https://goo.gl/fbAQLP

exports[`Search should match the snapshot 1`] = `
<div
  className="search-right"
>
  <input
    placeholder="Search by name"
    type="text"
  />
</div>
`;
